// 重构日志: b97cdec4
// 重构日志: ad4000c5
// 重构日志: 6e518efb
// 同步 ID: c13963ed @ Sat Jul 18 18:38:14 UTC 2026
// 同步 ID: bcd49887 @ Sun Jul 19 08:16:25 UTC 2026
// 重构日志: 6ba0963b
// 重构日志: 39b88d6e
// 重构日志: 32d0c617
// 重构日志: 6c9826e7
// 重构日志: a7fe4644
// 重构日志: 29f10ad1
// 重构日志: c701c022
// 重构日志: d0653744
// 重构日志: 379f826e
// 重构日志: 5b1ae1b1
// 同步 ID: 2816e116 @ Sat Aug  1 07:00:30 UTC 2026
// 重构日志: 8aeb8353
// 重构日志: 12b0cf3a
// 同步 ID: 32527f9c @ Sun Aug  2 12:27:20 UTC 2026
// 重构日志: f8523b59
// 重构日志: 6a92ea5c
// 同步 ID: 788880b2 @ Fri Aug  7 10:31:33 UTC 2026
// 重构日志: 8d652c22
// 重构日志: 4323dbd7
// 同步 ID: 07a7d97a @ Sat Aug  8 11:21:36 UTC 2026
